Copyright 1986-2022 Xilinx, Inc. All Rights Reserved.
---------------------------------------------------------------------------------------
| Tool Version : Vivado v.2022.1 (lin64) Build 3526262 Mon Apr 18 15:47:01 MDT 2022
| Date         : Thu Sep 24 18:50:00 2026
| Host         : vivado running 64-bit Ubuntu 22.04.5 LTS
| Command      : report_utilization -file full_util_routed.rpt -pb full_util_routed.pb
| Design       : kr260_min_wrapper
| Device       : xck26-sfvc784-2LV-c
| Speed File   : -2LV
| Design State : Routed
---------------------------------------------------------------------------------------

Utilization Design Information

Table of Contents
-----------------
1. CLB Logic
1.1 Summary of Registers by Type
2. CLB Logic Distribution
3. BLOCKRAM
4. ARITHMETIC
5. I/O
6. CLOCK
7. ADVANCED
8. CONFIGURATION
9. Primitives
10. Black Boxes
11. Instantiated Netlists

1. CLB Logic
------------

+----------------------------+-------+-------+------------+-----------+-------+
|          Site Type         |  Used | Fixed | Prohibited | Available | Util% |
+----------------------------+-------+-------+------------+-----------+-------+
| CLB LUTs                   | 66922 |     0 |          0 |    117120 | 57.14 |
|   LUT as Logic             | 63399 |     0 |          0 |    117120 | 54.13 |
|   LUT as Memory            |  3523 |     0 |          0 |     57600 |  6.12 |
|     LUT as Distributed RAM |  1444 |     0 |            |           |       |
|     LUT as Shift Register  |  2079 |     0 |            |           |       |
| CLB Registers              | 72928 |     0 |          0 |    234240 | 31.13 |
|   Register as Flip Flop    | 72928 |     0 |          0 |    234240 | 31.13 |
|   Register as Latch        |     0 |     0 |          0 |    234240 |  0.00 |
| CARRY8                     |  3177 |     0 |          0 |     14640 | 21.70 |
| F7 Muxes                   |  1160 |     0 |          0 |     58560 |  1.98 |
| F8 Muxes                   |   222 |     0 |          0 |     29280 |  0.76 |
| F9 Muxes                   |     0 |     0 |          0 |     14640 |  0.00 |
+----------------------------+-------+-------+------------+-----------+-------+


1.1 Summary of Registers by Type
--------------------------------

+-------+--------------+-------------+--------------+
| Total | Clock Enable | Synchronous | Asynchronous |
+-------+--------------+-------------+--------------+
| 0     |            _ |           - |            - |
| 0     |            _ |           - |          Set |
| 0     |            _ |           - |        Reset |
| 0     |            _ |         Set |            - |
| 0     |            _ |       Reset |            - |
| 0     |          Yes |           - |            - |
| 407   |          Yes |           - |          Set |
| 511   |          Yes |           - |        Reset |
| 1835  |          Yes |         Set |            - |
| 70175 |          Yes |       Reset |            - |
+-------+--------------+-------------+--------------+


2. CLB Logic Distribution
-------------------------

+--------------------------------------------+-------+-------+------------+-----------+-------+
|                  Site Type                 |  Used | Fixed | Prohibited | Available | Util% |
+--------------------------------------------+-------+-------+------------+-----------+-------+
| CLB                                        | 13442 |     0 |          0 |     14640 | 91.82 |
|   CLBL                                     |  6843 |     0 |            |           |       |
|   CLBM                                     |  6599 |     0 |            |           |       |
| LUT as Logic                               | 63399 |     0 |          0 |    117120 | 54.13 |
|   using O5 output only                     |   590 |       |            |           |       |
|   using O6 output only                     | 50692 |       |            |           |       |
|   using O5 and O6                          | 12117 |       |            |           |       |
| LUT as Memory                              |  3523 |     0 |          0 |     57600 |  6.12 |
|   LUT as Distributed RAM                   |  1444 |     0 |            |           |       |
|     using O5 output only                   |     0 |       |            |           |       |
|     using O6 output only                   |   160 |       |            |           |       |
|     using O5 and O6                        |  1284 |       |            |           |       |
|   LUT as Shift Register                    |  2079 |     0 |            |           |       |
|     using O5 output only                   |     0 |       |            |           |       |
|     using O6 output only                   |  1568 |       |            |           |       |
|     using O5 and O6                        |   511 |       |            |           |       |
| CLB Registers                              | 72928 |     0 |          0 |    234240 | 31.13 |
|   Register driven from within the CLB      | 35065 |       |            |           |       |
|   Register driven from outside the CLB     | 37863 |       |            |           |       |
|     LUT in front of the register is unused | 21479 |       |            |           |       |
|     LUT in front of the register is used   | 16384 |       |            |           |       |
| Unique Control Sets                        |  2464 |       |          0 |     29280 |  8.42 |
+--------------------------------------------+-------+-------+------------+-----------+-------+
* * Note: Available Control Sets calculated as Slices * 2, Review the Control Sets Report for more information regarding control sets.


3. BLOCKRAM
-----------

+-------------------+------+-------+------------+-----------+-------+
|     Site Type     | Used | Fixed | Prohibited | Available | Util% |
+-------------------+------+-------+------------+-----------+-------+
| Block RAM Tile    |   50 |     0 |          0 |       144 | 34.72 |
|   RAMB36/FIFO*    |   43 |     0 |          0 |       144 | 29.86 |
|     RAMB36E2 only |   43 |       |            |           |       |
|   RAMB18          |   14 |     0 |          0 |       288 |  4.86 |
|     RAMB18E2 only |   14 |       |            |           |       |
| URAM              |   56 |     0 |          0 |        64 | 87.50 |
+-------------------+------+-------+------------+-----------+-------+
* Note: Each Block RAM Tile only has one FIFO logic available and therefore can accommodate only one FIFO36E2 or one FIFO18E2. However, if a FIFO18E2 occupies a Block RAM Tile, that tile can still accommodate a RAMB18E2


4. ARITHMETIC
-------------

+----------------+------+-------+------------+-----------+-------+
|    Site Type   | Used | Fixed | Prohibited | Available | Util% |
+----------------+------+-------+------------+-----------+-------+
| DSPs           |  318 |     0 |          0 |      1248 | 25.48 |
|   DSP48E2 only |  318 |       |            |           |       |
+----------------+------+-------+------------+-----------+-------+


5. I/O
------

+------------------+------+-------+------------+-----------+-------+
|     Site Type    | Used | Fixed | Prohibited | Available | Util% |
+------------------+------+-------+------------+-----------+-------+
| Bonded IOB       |    0 |     0 |          0 |       189 |  0.00 |
| HPIOB_M          |    0 |     0 |          0 |        58 |  0.00 |
| HPIOB_S          |    0 |     0 |          0 |        58 |  0.00 |
| HDIOB_M          |    0 |     0 |          0 |        35 |  0.00 |
| HDIOB_S          |    0 |     0 |          0 |        35 |  0.00 |
| HPIOB_SNGL       |    0 |     0 |          0 |         3 |  0.00 |
| HPIOBDIFFINBUF   |    0 |     0 |          0 |        82 |  0.00 |
| HPIOBDIFFOUTBUF  |    0 |     0 |          0 |        82 |  0.00 |
| HDIOBDIFFINBUF   |    0 |     0 |          0 |        35 |  0.00 |
| BITSLICE_CONTROL |    0 |     0 |          0 |        32 |  0.00 |
| BITSLICE_RX_TX   |    0 |     0 |          0 |      1248 |  0.00 |
| BITSLICE_TX      |    0 |     0 |          0 |        32 |  0.00 |
| RIU_OR           |    0 |     0 |          0 |        16 |  0.00 |
+------------------+------+-------+------------+-----------+-------+


6. CLOCK
--------

+----------------------+------+-------+------------+-----------+-------+
|       Site Type      | Used | Fixed | Prohibited | Available | Util% |
+----------------------+------+-------+------------+-----------+-------+
| GLOBAL CLOCK BUFFERs |    2 |     0 |          0 |       352 |  0.57 |
|   BUFGCE             |    1 |     0 |          0 |       112 |  0.89 |
|   BUFGCE_DIV         |    0 |     0 |          0 |        16 |  0.00 |
|   BUFG_GT            |    0 |     0 |          0 |        96 |  0.00 |
|   BUFG_PS            |    1 |     0 |          0 |        96 |  1.04 |
|   BUFGCTRL*          |    0 |     0 |          0 |        32 |  0.00 |
| PLL                  |    0 |     0 |          0 |         8 |  0.00 |
| MMCM                 |    1 |     0 |          0 |         4 | 25.00 |
+----------------------+------+-------+------------+-----------+-------+
* Note: Each used BUFGCTRL counts as two GLOBAL CLOCK BUFFERs. This table does not include global clocking resources, only buffer cell usage. See the Clock Utilization Report (report_clock_utilization) for detailed accounting of global clocking resource availability.


7. ADVANCED
-----------

+-----------------+------+-------+------------+-----------+--------+
|    Site Type    | Used | Fixed | Prohibited | Available |  Util% |
+-----------------+------+-------+------------+-----------+--------+
| GTHE4_CHANNEL   |    0 |     0 |          0 |         4 |   0.00 |
| GTHE4_COMMON    |    0 |     0 |          0 |         1 |   0.00 |
| OBUFDS_GTE4     |    0 |     0 |          0 |         2 |   0.00 |
| OBUFDS_GTE4_ADV |    0 |     0 |          0 |         2 |   0.00 |
| PCIE40E4        |    0 |     0 |          0 |         2 |   0.00 |
| PS8             |    1 |     0 |          0 |         1 | 100.00 |
| SYSMONE4        |    0 |     0 |          0 |         1 |   0.00 |
| VCU             |    0 |     0 |          0 |         1 |   0.00 |
+-----------------+------+-------+------------+-----------+--------+


8. CONFIGURATION
----------------

+-------------+------+-------+------------+-----------+-------+
|  Site Type  | Used | Fixed | Prohibited | Available | Util% |
+-------------+------+-------+------------+-----------+-------+
| BSCANE2     |    0 |     0 |          0 |         4 |  0.00 |
| DNA_PORTE2  |    0 |     0 |          0 |         1 |  0.00 |
| EFUSE_USR   |    0 |     0 |          0 |         1 |  0.00 |
| FRAME_ECCE4 |    0 |     0 |          0 |         1 |  0.00 |
| ICAPE3      |    0 |     0 |          0 |         2 |  0.00 |
| MASTER_JTAG |    0 |     0 |          0 |         1 |  0.00 |
| STARTUPE3   |    0 |     0 |          0 |         1 |  0.00 |
+-------------+------+-------+------------+-----------+-------+


9. Primitives
-------------

+------------+-------+---------------------+
|  Ref Name  |  Used | Functional Category |
+------------+-------+---------------------+
| FDRE       | 70175 |            Register |
| LUT6       | 24639 |                 CLB |
| LUT3       | 14267 |                 CLB |
| LUT4       | 12875 |                 CLB |
| LUT5       | 11375 |                 CLB |
| LUT2       | 10450 |                 CLB |
| CARRY8     |  3177 |                 CLB |
| RAMD32     |  2240 |                 CLB |
| LUT1       |  1910 |                 CLB |
| FDSE       |  1835 |            Register |
| SRL16E     |  1380 |                 CLB |
| SRLC32E    |  1210 |                 CLB |
| MUXF7      |  1160 |                 CLB |
| FDCE       |   511 |            Register |
| FDPE       |   407 |            Register |
| RAMS32     |   328 |                 CLB |
| DSP48E2    |   318 |          Arithmetic |
| MUXF8      |   222 |                 CLB |
| RAMS64E    |   160 |                 CLB |
| URAM288    |    56 |            BLOCKRAM |
| RAMB36E2   |    43 |            BLOCKRAM |
| RAMB18E2   |    14 |            BLOCKRAM |
| PS8        |     1 |            Advanced |
| MMCME4_ADV |     1 |               Clock |
| BUFG_PS    |     1 |               Clock |
| BUFGCE     |     1 |               Clock |
+------------+-------+---------------------+


10. Black Boxes
---------------

+----------+------+
| Ref Name | Used |
+----------+------+


11. Instantiated Netlists
-------------------------

+------------------------------+------+
|           Ref Name           | Used |
+------------------------------+------+
| kr260_min_snn_qp_v07_1_0     |    1 |
| kr260_min_rst_pl0_0          |    1 |
| kr260_min_rst_clk_wiz_199M_0 |    1 |
| kr260_min_clk_wiz_0          |    1 |
| kr260_min_auto_us_1          |    1 |
| kr260_min_auto_us_0          |    1 |
| kr260_min_auto_pc_0          |    1 |
| kr260_min_auto_ds_0          |    1 |
| kr260_min_auto_cc_3          |    1 |
| kr260_min_auto_cc_2          |    1 |
| kr260_min_auto_cc_1          |    1 |
| kr260_min_auto_cc_0          |    1 |
| kr260_min_PS_0_0             |    1 |
+------------------------------+------+


