Copyright 1986-2022 Xilinx, Inc. All Rights Reserved.
------------------------------------------------------------------------------------------------------------------------------------------------------------------------------
| Tool Version : Vivado v.2022.1 (lin64) Build 3526262 Mon Apr 18 15:47:01 MDT 2022
| Date         : Thu Sep 24 18:49:57 2026
| Host         : vivado running 64-bit Ubuntu 22.04.5 LTS
| Command      : report_accelerator_utilization -kernels { snn_qp_v07:kr260_min_i/snn_qp_v07_1/inst:snn_qp_v07_1} -file kernel_util_routed.rpt -name kernel_util_routed -json
| Design       : kr260_min_wrapper
| Device       : xck26
| Design State : Routed
------------------------------------------------------------------------------------------------------------------------------------------------------------------------------

Accelerator Utilization Design Information

Table of Contents
-----------------
1. System Utilization

1. System Utilization
---------------------

+---------------------+------------------+-----------------+------------------+---------------+--------------+----------------+
| Name                | LUT              | LUTAsMem        | REG              | BRAM          | URAM         | DSP            |
+---------------------+------------------+-----------------+------------------+---------------+--------------+----------------+
| Platform            |   4336 [  3.70%] |  1418 [  2.46%] |   8623 [  3.68%] |   0 [  0.00%] |  0 [  0.00%] |    0 [  0.00%] |
| User Budget         | 112784 [100.00%] | 56182 [100.00%] | 225617 [100.00%] | 144 [100.00%] | 64 [100.00%] | 1248 [100.00%] |
|    Used Resources   |  62589 [ 55.49%] |  2105 [  3.75%] |  64305 [ 28.50%] |  50 [ 34.72%] | 56 [ 87.50%] |  318 [ 25.48%] |
|    Unused Resources |  50195 [ 44.51%] | 54077 [ 96.25%] | 161312 [ 71.50%] |  94 [ 65.28%] |  8 [ 12.50%] |  930 [ 74.52%] |
| snn_qp_v07          |  62589 [ 55.49%] |  2105 [  3.75%] |  64305 [ 28.50%] |  50 [ 34.72%] | 56 [ 87.50%] |  318 [ 25.48%] |
|    snn_qp_v07_1     |  62589 [ 55.49%] |  2105 [  3.75%] |  64305 [ 28.50%] |  50 [ 34.72%] | 56 [ 87.50%] |  318 [ 25.48%] |
+---------------------+------------------+-----------------+------------------+---------------+--------------+----------------+


