Copyright 1986-2022 Xilinx, Inc. All Rights Reserved.
------------------------------------------------------------------------------------------------------------------------------------------------------------------------------
| Tool Version : Vivado v.2022.1 (lin64) Build 3526262 Mon Apr 18 15:47:01 MDT 2022
| Date         : Sat Sep  5 23:25:53 2026
| Host         : vivado running 64-bit Ubuntu 22.04.5 LTS
| Command      : report_accelerator_utilization -kernels { snn_qp_v06:kr260_min_i/snn_qp_v06_1/inst:snn_qp_v06_1} -file kernel_util_routed.rpt -name kernel_util_routed -json
| Design       : kr260_min_wrapper
| Device       : xck26
| Design State : Routed
------------------------------------------------------------------------------------------------------------------------------------------------------------------------------

Accelerator Utilization Design Information

Table of Contents
-----------------
1. System Utilization

1. System Utilization
---------------------

+---------------------+------------------+-----------------+------------------+---------------+--------------+----------------+
| Name                | LUT              | LUTAsMem        | REG              | BRAM          | URAM         | DSP            |
+---------------------+------------------+-----------------+------------------+---------------+--------------+----------------+
| Platform            |   4339 [  3.70%] |  1418 [  2.46%] |   8623 [  3.68%] |   0 [  0.00%] |  0 [  0.00%] |    0 [  0.00%] |
| User Budget         | 112781 [100.00%] | 56182 [100.00%] | 225617 [100.00%] | 144 [100.00%] | 64 [100.00%] | 1248 [100.00%] |
|    Used Resources   |  51328 [ 45.51%] |  1862 [  3.31%] |  52827 [ 23.41%] |  46 [ 31.94%] | 56 [ 87.50%] |  234 [ 18.75%] |
|    Unused Resources |  61453 [ 54.49%] | 54320 [ 96.69%] | 172790 [ 76.59%] |  98 [ 68.06%] |  8 [ 12.50%] | 1014 [ 81.25%] |
| snn_qp_v06          |  51328 [ 45.51%] |  1862 [  3.31%] |  52827 [ 23.41%] |  46 [ 31.94%] | 56 [ 87.50%] |  234 [ 18.75%] |
|    snn_qp_v06_1     |  51328 [ 45.51%] |  1862 [  3.31%] |  52827 [ 23.41%] |  46 [ 31.94%] | 56 [ 87.50%] |  234 [ 18.75%] |
+---------------------+------------------+-----------------+------------------+---------------+--------------+----------------+


